-- The C compiler identification is GNU 13.3.0
-- The CXX compiler identification is GNU 13.3.0
-- Detecting C compiler ABI info
-- Detecting C compiler ABI info - done
-- Check for working C compiler: /usr/bin/cc - skipped
-- Detecting C compile features
-- Detecting C compile features - done
-- Detecting CXX compiler ABI info
-- Detecting CXX compiler ABI info - done
-- Check for working CXX compiler: /usr/bin/c++ - skipped
-- Detecting CXX compile features
-- Detecting CXX compile features - done
-- Found ament_cmake: 2.5.5 (/opt/ros/jazzy/share/ament_cmake/cmake)
-- Found Python3: /usr/bin/python3 (found version "3.12.3") found components: Interpreter 
-- Found rclcpp: 28.1.16 (/opt/ros/jazzy/share/rclcpp/cmake)
-- Found rosidl_generator_c: 4.6.7 (/opt/ros/jazzy/share/rosidl_generator_c/cmake)
-- Found rosidl_generator_cpp: 4.6.7 (/opt/ros/jazzy/share/rosidl_generator_cpp/cmake)
-- Using all available rosidl_typesupport_c: rosidl_typesupport_fastrtps_c;rosidl_typesupport_introspection_c
-- Using all available rosidl_typesupport_cpp: rosidl_typesupport_fastrtps_cpp;rosidl_typesupport_introspection_cpp
-- Found rmw_implementation_cmake: 7.3.3 (/opt/ros/jazzy/share/rmw_implementation_cmake/cmake)
-- Found rmw_fastrtps_cpp: 8.4.3 (/opt/ros/jazzy/share/rmw_fastrtps_cpp/cmake)
-- Found OpenSSL: /usr/lib/x86_64-linux-gnu/libcrypto.so (found version "3.0.13")  
-- Found FastRTPS: /opt/ros/jazzy/include (Required is at least version "2.13") 
-- Using RMW implementation 'rmw_fastrtps_cpp' as default
-- Found tf2: 0.36.19 (/opt/ros/jazzy/share/tf2/cmake)
-- Found tf2_ros: 0.36.19 (/opt/ros/jazzy/share/tf2_ros/cmake)
-- Found tf2_geometry_msgs: 0.36.19 (/opt/ros/jazzy/share/tf2_geometry_msgs/cmake)
-- Found eigen3_cmake_module: 0.3.0 (/opt/ros/jazzy/share/eigen3_cmake_module/cmake)
-- Found Eigen3: TRUE (found version "3.4.0") 
-- Ensuring Eigen3 include directory is part of orocos-kdl CMake target
-- Found lbr_fri_idl: 1.5.0 (/home/ros2_ws/install/lbr_fri_idl/share/lbr_fri_idl/cmake)
-- pinocchio_default FOUND. pinocchio_default at /opt/openrobots/lib/libpinocchio_default.so
-- pinocchio_parsers FOUND. pinocchio_parsers at /opt/openrobots/lib/libpinocchio_parsers.so
-- pinocchio_casadi FOUND. pinocchio_casadi at /opt/openrobots/lib/libpinocchio_casadi.so
-- boost_filesystem FOUND. boost_filesystem at /usr/lib/x86_64-linux-gnu/libboost_filesystem.so
-- Found Boost: /usr/include (found version "1.83.0") found components: filesystem serialization 
-- coal FOUND. coal at /opt/openrobots/lib/libcoal.so
-- Found Boost: /usr/include (found version "1.83.0") found components: serialization filesystem 
-- Default C++ standard: 201703
-- Minimal C++ standard upgraded to 14
-- C++ standard sufficient: Minimal required 14, currently defined: 17
-- CMAKE_CXX_STANDARD was not set: automatically set to currently defined standard 17
-- C++ standard sufficient: Minimal required 14, currently defined: 17
-- Found ament_lint_auto: 0.17.4 (/opt/ros/jazzy/share/ament_lint_auto/cmake)
-- Added test 'cppcheck' to perform static code analysis on C / C++ code
-- Configured cppcheck include dirs: $<BUILD_INTERFACE:/home/ros2_ws/src/jeffrey_controllers/include>
-- Configured cppcheck exclude dirs and/or files: 
-- Added test 'flake8' to check Python code syntax and style conventions
-- Configured 'flake8' exclude dirs and/or files: 
-- Added test 'lint_cmake' to check CMake code style
-- Added test 'pep257' to check Python code against some of the docstring style conventions in PEP 257
-- Added test 'uncrustify' to check C / C++ code style
-- Configured uncrustify additional arguments: 
-- Added test 'xmllint' to check XML markup files
-- Configuring done (2.1s)
-- Generating done (0.0s)
-- Build files have been written to: /home/ros2_ws/src/jeffrey_controllers/build/jeffrey_controllers
[ 66%] [32mBuilding CXX object CMakeFiles/trajectory_generator.dir/src/dynamics_utilities.cpp.o[0m
[ 66%] [32mBuilding CXX object CMakeFiles/impedance_controller.dir/src/dynamics_utilities.cpp.o[0m
[ 66%] [32mBuilding CXX object CMakeFiles/impedance_controller.dir/src/impedance_controller.cpp.o[0m
[ 66%] [32mBuilding CXX object CMakeFiles/trajectory_generator.dir/src/trajectory_generator.cpp.o[0m
[100%] [32m[1mLinking CXX executable impedance_controller[0m
[100%] [32m[1mLinking CXX executable trajectory_generator[0m
[100%] Built target trajectory_generator
[100%] Built target impedance_controller
-- Install configuration: ""
-- Installing: /home/ros2_ws/src/jeffrey_controllers/install/jeffrey_controllers/lib/jeffrey_controllers/impedance_controller
-- Set non-toolchain portion of runtime path of "/home/ros2_ws/src/jeffrey_controllers/install/jeffrey_controllers/lib/jeffrey_controllers/impedance_controller" to ""
-- Installing: /home/ros2_ws/src/jeffrey_controllers/install/jeffrey_controllers/lib/jeffrey_controllers/trajectory_generator
-- Set non-toolchain portion of runtime path of "/home/ros2_ws/src/jeffrey_controllers/install/jeffrey_controllers/lib/jeffrey_controllers/trajectory_generator" to ""
-- Installing: /home/ros2_ws/src/jeffrey_controllers/install/jeffrey_controllers/share/ament_index/resource_index/package_run_dependencies/jeffrey_controllers
-- Installing: /home/ros2_ws/src/jeffrey_controllers/install/jeffrey_controllers/share/ament_index/resource_index/parent_prefix_path/jeffrey_controllers
-- Installing: /home/ros2_ws/src/jeffrey_controllers/install/jeffrey_controllers/share/jeffrey_controllers/environment/ament_prefix_path.sh
-- Installing: /home/ros2_ws/src/jeffrey_controllers/install/jeffrey_controllers/share/jeffrey_controllers/environment/ament_prefix_path.dsv
-- Installing: /home/ros2_ws/src/jeffrey_controllers/install/jeffrey_controllers/share/jeffrey_controllers/environment/path.sh
-- Installing: /home/ros2_ws/src/jeffrey_controllers/install/jeffrey_controllers/share/jeffrey_controllers/environment/path.dsv
-- Installing: /home/ros2_ws/src/jeffrey_controllers/install/jeffrey_controllers/share/jeffrey_controllers/local_setup.bash
-- Installing: /home/ros2_ws/src/jeffrey_controllers/install/jeffrey_controllers/share/jeffrey_controllers/local_setup.sh
-- Installing: /home/ros2_ws/src/jeffrey_controllers/install/jeffrey_controllers/share/jeffrey_controllers/local_setup.zsh
-- Installing: /home/ros2_ws/src/jeffrey_controllers/install/jeffrey_controllers/share/jeffrey_controllers/local_setup.dsv
-- Installing: /home/ros2_ws/src/jeffrey_controllers/install/jeffrey_controllers/share/jeffrey_controllers/package.dsv
-- Installing: /home/ros2_ws/src/jeffrey_controllers/install/jeffrey_controllers/share/ament_index/resource_index/packages/jeffrey_controllers
-- Installing: /home/ros2_ws/src/jeffrey_controllers/install/jeffrey_controllers/share/jeffrey_controllers/cmake/jeffrey_controllersConfig.cmake
-- Installing: /home/ros2_ws/src/jeffrey_controllers/install/jeffrey_controllers/share/jeffrey_controllers/cmake/jeffrey_controllersConfig-version.cmake
-- Installing: /home/ros2_ws/src/jeffrey_controllers/install/jeffrey_controllers/share/jeffrey_controllers/package.xml
