[ 33%] [32mBuilding CXX object CMakeFiles/impedance_controller.dir/src/impedance_controller.cpp.o[0m
[ 33%] [32mBuilding CXX object CMakeFiles/trajectory_generator.dir/src/trajectory_generator.cpp.o[0m
[ 50%] [32mBuilding CXX object CMakeFiles/trajectory_generator.dir/src/dynamics_utilities.cpp.o[0m
[ 66%] [32mBuilding CXX object CMakeFiles/impedance_controller.dir/src/dynamics_utilities.cpp.o[0m
[100%] [32m[1mLinking CXX executable trajectory_generator[0m
[100%] [32m[1mLinking CXX executable impedance_controller[0m
[100%] Built target trajectory_generator
[100%] Built target impedance_controller
-- Install configuration: ""
-- Installing: /home/ros2_ws/src/jeffrey_controllers/install/jeffrey_controllers/lib/jeffrey_controllers/impedance_controller
-- Set non-toolchain portion of runtime path of "/home/ros2_ws/src/jeffrey_controllers/install/jeffrey_controllers/lib/jeffrey_controllers/impedance_controller" to ""
-- Installing: /home/ros2_ws/src/jeffrey_controllers/install/jeffrey_controllers/lib/jeffrey_controllers/trajectory_generator
-- Set non-toolchain portion of runtime path of "/home/ros2_ws/src/jeffrey_controllers/install/jeffrey_controllers/lib/jeffrey_controllers/trajectory_generator" to ""
-- Up-to-date: /home/ros2_ws/src/jeffrey_controllers/install/jeffrey_controllers/share/ament_index/resource_index/package_run_dependencies/jeffrey_controllers
-- Up-to-date: /home/ros2_ws/src/jeffrey_controllers/install/jeffrey_controllers/share/ament_index/resource_index/parent_prefix_path/jeffrey_controllers
-- Up-to-date: /home/ros2_ws/src/jeffrey_controllers/install/jeffrey_controllers/share/jeffrey_controllers/environment/ament_prefix_path.sh
-- Up-to-date: /home/ros2_ws/src/jeffrey_controllers/install/jeffrey_controllers/share/jeffrey_controllers/environment/ament_prefix_path.dsv
-- Up-to-date: /home/ros2_ws/src/jeffrey_controllers/install/jeffrey_controllers/share/jeffrey_controllers/environment/path.sh
-- Up-to-date: /home/ros2_ws/src/jeffrey_controllers/install/jeffrey_controllers/share/jeffrey_controllers/environment/path.dsv
-- Up-to-date: /home/ros2_ws/src/jeffrey_controllers/install/jeffrey_controllers/share/jeffrey_controllers/local_setup.bash
-- Up-to-date: /home/ros2_ws/src/jeffrey_controllers/install/jeffrey_controllers/share/jeffrey_controllers/local_setup.sh
-- Up-to-date: /home/ros2_ws/src/jeffrey_controllers/install/jeffrey_controllers/share/jeffrey_controllers/local_setup.zsh
-- Up-to-date: /home/ros2_ws/src/jeffrey_controllers/install/jeffrey_controllers/share/jeffrey_controllers/local_setup.dsv
-- Installing: /home/ros2_ws/src/jeffrey_controllers/install/jeffrey_controllers/share/jeffrey_controllers/package.dsv
-- Up-to-date: /home/ros2_ws/src/jeffrey_controllers/install/jeffrey_controllers/share/ament_index/resource_index/packages/jeffrey_controllers
-- Up-to-date: /home/ros2_ws/src/jeffrey_controllers/install/jeffrey_controllers/share/jeffrey_controllers/cmake/jeffrey_controllersConfig.cmake
-- Up-to-date: /home/ros2_ws/src/jeffrey_controllers/install/jeffrey_controllers/share/jeffrey_controllers/cmake/jeffrey_controllersConfig-version.cmake
-- Up-to-date: /home/ros2_ws/src/jeffrey_controllers/install/jeffrey_controllers/share/jeffrey_controllers/package.xml
