[0.098s] DEBUG:colcon:Command line arguments: ['/usr/bin/colcon', 'build', '--packages-select', 'jeffrey_controllers']
[0.098s] DEBUG:colcon:Parsed command line arguments: Namespace(log_base=None, log_level=None, verb_name='build', build_base='build', install_base='install', merge_install=False, symlink_install=False, test_result_base=None, continue_on_error=False, executor='parallel', parallel_workers=16, event_handlers=None, ignore_user_meta=False, metas=['./colcon.meta'], base_paths=['.'], packages_ignore=None, packages_ignore_regex=None, paths=None, packages_up_to=None, packages_up_to_regex=None, packages_above=None, packages_above_and_dependencies=None, packages_above_depth=None, packages_select_by_dep=None, packages_skip_by_dep=None, packages_skip_up_to=None, packages_select_build_failed=False, packages_skip_build_finished=False, packages_select_test_failures=False, packages_skip_test_passed=False, packages_select=['jeffrey_controllers'], packages_skip=None, packages_select_regex=None, packages_skip_regex=None, packages_start=None, packages_end=None, cmake_args=None, cmake_target=None, cmake_target_skip_unavailable=False, cmake_clean_cache=False, cmake_clean_first=False, cmake_force_configure=False, ament_cmake_args=None, catkin_cmake_args=None, catkin_skip_building_tests=False, mixin_files=None, mixin=None, verb_parser=<colcon_mixin.mixin.mixin_argument.MixinArgumentDecorator object at 0x7b8c71b9db20>, verb_extension=<colcon_core.verb.build.BuildVerb object at 0x7b8c71cfa150>, main=<bound method BuildVerb.main of <colcon_core.verb.build.BuildVerb object at 0x7b8c71cfa150>>, mixin_verb=('build',))
[0.136s] Level 1:colcon.colcon_core.package_discovery:discover_packages(colcon_meta) check parameters
[0.137s] INFO:colcon.colcon_metadata.package_discovery.colcon_meta:Using configuration from '/root/.colcon/metadata/default/Gazebo.meta'
[0.137s] INFO:colcon.colcon_metadata.package_discovery.colcon_meta:Using configuration from '/root/.colcon/metadata/default/fastdds.meta'
[0.137s] INFO:colcon.colcon_metadata.package_discovery.colcon_meta:Using configuration from '/root/.colcon/metadata/default/fastrtps.meta'
[0.137s] Level 1:colcon.colcon_core.package_discovery:discover_packages(recursive) check parameters
[0.137s] Level 1:colcon.colcon_core.package_discovery:discover_packages(ignore) check parameters
[0.137s] Level 1:colcon.colcon_core.package_discovery:discover_packages(path) check parameters
[0.137s] Level 1:colcon.colcon_core.package_discovery:discover_packages(colcon_meta) discover
[0.138s] Level 1:colcon.colcon_core.package_discovery:discover_packages(recursive) discover
[0.138s] INFO:colcon.colcon_core.package_discovery:Crawling recursively for packages in '/home/ros2_ws/src/jeffrey_controllers'
[0.138s] Level 1:colcon.colcon_core.package_identification:_identify(.) by extensions ['ignore', 'ignore_ament_install']
[0.138s] Level 1:colcon.colcon_core.package_identification:_identify(.) by extension 'ignore'
[0.138s] Level 1:colcon.colcon_core.package_identification:_identify(.) by extension 'ignore_ament_install'
[0.138s] Level 1:colcon.colcon_core.package_identification:_identify(.) by extensions ['colcon_pkg']
[0.138s] Level 1:colcon.colcon_core.package_identification:_identify(.) by extension 'colcon_pkg'
[0.138s] Level 1:colcon.colcon_core.package_identification:_identify(.) by extensions ['colcon_meta']
[0.138s] Level 1:colcon.colcon_core.package_identification:_identify(.) by extension 'colcon_meta'
[0.138s] Level 1:colcon.colcon_core.package_identification:_identify(.) by extensions ['ros']
[0.138s] Level 1:colcon.colcon_core.package_identification:_identify(.) by extension 'ros'
[0.160s] DEBUG:colcon.colcon_core.package_identification:Package '.' with type 'ros.ament_cmake' and name 'jeffrey_controllers'
[0.160s] Level 1:colcon.colcon_core.package_discovery:discover_packages(recursive) using defaults
[0.160s] Level 1:colcon.colcon_core.package_discovery:discover_packages(ignore) discover
[0.160s] Level 1:colcon.colcon_core.package_discovery:discover_packages(ignore) using defaults
[0.160s] Level 1:colcon.colcon_core.package_discovery:discover_packages(path) discover
[0.160s] Level 1:colcon.colcon_core.package_discovery:discover_packages(path) using defaults
[0.177s] Level 5:colcon.colcon_core.verb:set package 'jeffrey_controllers' build argument 'cmake_args' from command line to 'None'
[0.177s] Level 5:colcon.colcon_core.verb:set package 'jeffrey_controllers' build argument 'cmake_target' from command line to 'None'
[0.177s] Level 5:colcon.colcon_core.verb:set package 'jeffrey_controllers' build argument 'cmake_target_skip_unavailable' from command line to 'False'
[0.177s] Level 5:colcon.colcon_core.verb:set package 'jeffrey_controllers' build argument 'cmake_clean_cache' from command line to 'False'
[0.177s] Level 5:colcon.colcon_core.verb:set package 'jeffrey_controllers' build argument 'cmake_clean_first' from command line to 'False'
[0.177s] Level 5:colcon.colcon_core.verb:set package 'jeffrey_controllers' build argument 'cmake_force_configure' from command line to 'False'
[0.177s] Level 5:colcon.colcon_core.verb:set package 'jeffrey_controllers' build argument 'ament_cmake_args' from command line to 'None'
[0.177s] Level 5:colcon.colcon_core.verb:set package 'jeffrey_controllers' build argument 'catkin_cmake_args' from command line to 'None'
[0.177s] Level 5:colcon.colcon_core.verb:set package 'jeffrey_controllers' build argument 'catkin_skip_building_tests' from command line to 'False'
[0.177s] DEBUG:colcon.colcon_core.verb:Building package 'jeffrey_controllers' with the following arguments: {'ament_cmake_args': None, 'build_base': '/home/ros2_ws/src/jeffrey_controllers/build/jeffrey_controllers', 'catkin_cmake_args': None, 'catkin_skip_building_tests': False, 'cmake_args': None, 'cmake_clean_cache': False, 'cmake_clean_first': False, 'cmake_force_configure': False, 'cmake_target': None, 'cmake_target_skip_unavailable': False, 'install_base': '/home/ros2_ws/src/jeffrey_controllers/install/jeffrey_controllers', 'merge_install': False, 'path': '/home/ros2_ws/src/jeffrey_controllers', 'symlink_install': False, 'test_result_base': None}
[0.177s] INFO:colcon.colcon_core.executor:Executing jobs using 'parallel' executor
[0.178s] DEBUG:colcon.colcon_parallel_executor.executor.parallel:run_until_complete
[0.178s] INFO:colcon.colcon_ros.task.ament_cmake.build:Building ROS package in '/home/ros2_ws/src/jeffrey_controllers' with build type 'ament_cmake'
[0.178s] INFO:colcon.colcon_cmake.task.cmake.build:Building CMake package in '/home/ros2_ws/src/jeffrey_controllers'
[0.182s] INFO:colcon.colcon_core.plugin_system:Skipping extension 'colcon_core.shell.bat': Not used on non-Windows systems
[0.182s] INFO:colcon.colcon_core.shell:Skip shell extension 'powershell' for command environment: Not usable outside of PowerShell
[0.182s] DEBUG:colcon.colcon_core.shell:Skip shell extension 'dsv' for command environment
[0.192s] DEBUG:colcon.colcon_core.event_handler.log_command:Invoking command in '/home/ros2_ws/src/jeffrey_controllers/build/jeffrey_controllers': CMAKE_PREFIX_PATH=${CMAKE_PREFIX_PATH}:/home/ros2_ws/install/lbr_demos_py:/home/ros2_ws/install/lbr_controllers:/home/ros2_ws/install/lbr_moveit:/home/ros2_ws/install/lbr_demos_advanced_py:/opt/ros/jazzy /usr/bin/cmake --build /home/ros2_ws/src/jeffrey_controllers/build/jeffrey_controllers -- -j16 -l16
[44.859s] DEBUG:colcon.colcon_core.event_handler.log_command:Invoked command in '/home/ros2_ws/src/jeffrey_controllers/build/jeffrey_controllers' returned '0': CMAKE_PREFIX_PATH=${CMAKE_PREFIX_PATH}:/home/ros2_ws/install/lbr_demos_py:/home/ros2_ws/install/lbr_controllers:/home/ros2_ws/install/lbr_moveit:/home/ros2_ws/install/lbr_demos_advanced_py:/opt/ros/jazzy /usr/bin/cmake --build /home/ros2_ws/src/jeffrey_controllers/build/jeffrey_controllers -- -j16 -l16
[44.870s] DEBUG:colcon.colcon_core.event_handler.log_command:Invoking command in '/home/ros2_ws/src/jeffrey_controllers/build/jeffrey_controllers': CMAKE_PREFIX_PATH=${CMAKE_PREFIX_PATH}:/home/ros2_ws/install/lbr_demos_py:/home/ros2_ws/install/lbr_controllers:/home/ros2_ws/install/lbr_moveit:/home/ros2_ws/install/lbr_demos_advanced_py:/opt/ros/jazzy /usr/bin/cmake --install /home/ros2_ws/src/jeffrey_controllers/build/jeffrey_controllers
[44.972s] Level 1:colcon.colcon_core.environment:create_environment_scripts_only(jeffrey_controllers)
[44.972s] DEBUG:colcon.colcon_core.event_handler.log_command:Invoked command in '/home/ros2_ws/src/jeffrey_controllers/build/jeffrey_controllers' returned '0': CMAKE_PREFIX_PATH=${CMAKE_PREFIX_PATH}:/home/ros2_ws/install/lbr_demos_py:/home/ros2_ws/install/lbr_controllers:/home/ros2_ws/install/lbr_moveit:/home/ros2_ws/install/lbr_demos_advanced_py:/opt/ros/jazzy /usr/bin/cmake --install /home/ros2_ws/src/jeffrey_controllers/build/jeffrey_controllers
[44.978s] Level 1:colcon.colcon_core.environment:checking '/home/ros2_ws/src/jeffrey_controllers/install/jeffrey_controllers' for CMake module files
[44.978s] Level 1:colcon.colcon_core.environment:checking '/home/ros2_ws/src/jeffrey_controllers/install/jeffrey_controllers' for CMake config files
[44.978s] Level 1:colcon.colcon_core.shell:create_environment_hook('jeffrey_controllers', 'cmake_prefix_path')
[44.978s] INFO:colcon.colcon_core.shell:Creating environment hook '/home/ros2_ws/src/jeffrey_controllers/install/jeffrey_controllers/share/jeffrey_controllers/hook/cmake_prefix_path.ps1'
[44.979s] INFO:colcon.colcon_core.shell:Creating environment descriptor '/home/ros2_ws/src/jeffrey_controllers/install/jeffrey_controllers/share/jeffrey_controllers/hook/cmake_prefix_path.dsv'
[44.980s] INFO:colcon.colcon_core.shell:Creating environment hook '/home/ros2_ws/src/jeffrey_controllers/install/jeffrey_controllers/share/jeffrey_controllers/hook/cmake_prefix_path.sh'
[44.980s] Level 1:colcon.colcon_core.environment:checking '/home/ros2_ws/src/jeffrey_controllers/install/jeffrey_controllers/lib'
[44.981s] Level 1:colcon.colcon_core.environment:checking '/home/ros2_ws/src/jeffrey_controllers/install/jeffrey_controllers/bin'
[44.981s] Level 1:colcon.colcon_core.environment:checking '/home/ros2_ws/src/jeffrey_controllers/install/jeffrey_controllers/lib/pkgconfig/jeffrey_controllers.pc'
[44.982s] Level 1:colcon.colcon_core.environment:checking '/home/ros2_ws/src/jeffrey_controllers/install/jeffrey_controllers/lib/python3.12/site-packages'
[44.983s] Level 1:colcon.colcon_core.environment:checking '/home/ros2_ws/src/jeffrey_controllers/install/jeffrey_controllers/bin'
[44.983s] INFO:colcon.colcon_core.shell:Creating package script '/home/ros2_ws/src/jeffrey_controllers/install/jeffrey_controllers/share/jeffrey_controllers/package.ps1'
[44.983s] INFO:colcon.colcon_core.shell:Creating package descriptor '/home/ros2_ws/src/jeffrey_controllers/install/jeffrey_controllers/share/jeffrey_controllers/package.dsv'
[44.984s] INFO:colcon.colcon_core.shell:Creating package script '/home/ros2_ws/src/jeffrey_controllers/install/jeffrey_controllers/share/jeffrey_controllers/package.sh'
[44.984s] INFO:colcon.colcon_core.shell:Creating package script '/home/ros2_ws/src/jeffrey_controllers/install/jeffrey_controllers/share/jeffrey_controllers/package.bash'
[44.985s] INFO:colcon.colcon_core.shell:Creating package script '/home/ros2_ws/src/jeffrey_controllers/install/jeffrey_controllers/share/jeffrey_controllers/package.zsh'
[44.985s] Level 1:colcon.colcon_core.environment:create_file_with_runtime_dependencies(/home/ros2_ws/src/jeffrey_controllers/install/jeffrey_controllers/share/colcon-core/packages/jeffrey_controllers)
[44.986s] Level 1:colcon.colcon_core.environment:create_environment_scripts_only(jeffrey_controllers)
[44.986s] Level 1:colcon.colcon_core.environment:checking '/home/ros2_ws/src/jeffrey_controllers/install/jeffrey_controllers' for CMake module files
[44.986s] Level 1:colcon.colcon_core.environment:checking '/home/ros2_ws/src/jeffrey_controllers/install/jeffrey_controllers' for CMake config files
[44.986s] Level 1:colcon.colcon_core.shell:create_environment_hook('jeffrey_controllers', 'cmake_prefix_path')
[44.986s] INFO:colcon.colcon_core.shell:Creating environment hook '/home/ros2_ws/src/jeffrey_controllers/install/jeffrey_controllers/share/jeffrey_controllers/hook/cmake_prefix_path.ps1'
[44.986s] INFO:colcon.colcon_core.shell:Creating environment descriptor '/home/ros2_ws/src/jeffrey_controllers/install/jeffrey_controllers/share/jeffrey_controllers/hook/cmake_prefix_path.dsv'
[44.987s] INFO:colcon.colcon_core.shell:Creating environment hook '/home/ros2_ws/src/jeffrey_controllers/install/jeffrey_controllers/share/jeffrey_controllers/hook/cmake_prefix_path.sh'
[44.987s] Level 1:colcon.colcon_core.environment:checking '/home/ros2_ws/src/jeffrey_controllers/install/jeffrey_controllers/lib'
[44.987s] Level 1:colcon.colcon_core.environment:checking '/home/ros2_ws/src/jeffrey_controllers/install/jeffrey_controllers/bin'
[44.987s] Level 1:colcon.colcon_core.environment:checking '/home/ros2_ws/src/jeffrey_controllers/install/jeffrey_controllers/lib/pkgconfig/jeffrey_controllers.pc'
[44.987s] Level 1:colcon.colcon_core.environment:checking '/home/ros2_ws/src/jeffrey_controllers/install/jeffrey_controllers/lib/python3.12/site-packages'
[44.987s] Level 1:colcon.colcon_core.environment:checking '/home/ros2_ws/src/jeffrey_controllers/install/jeffrey_controllers/bin'
[44.987s] INFO:colcon.colcon_core.shell:Creating package script '/home/ros2_ws/src/jeffrey_controllers/install/jeffrey_controllers/share/jeffrey_controllers/package.ps1'
[44.988s] INFO:colcon.colcon_core.shell:Creating package descriptor '/home/ros2_ws/src/jeffrey_controllers/install/jeffrey_controllers/share/jeffrey_controllers/package.dsv'
[44.988s] INFO:colcon.colcon_core.shell:Creating package script '/home/ros2_ws/src/jeffrey_controllers/install/jeffrey_controllers/share/jeffrey_controllers/package.sh'
[44.988s] INFO:colcon.colcon_core.shell:Creating package script '/home/ros2_ws/src/jeffrey_controllers/install/jeffrey_controllers/share/jeffrey_controllers/package.bash'
[44.989s] INFO:colcon.colcon_core.shell:Creating package script '/home/ros2_ws/src/jeffrey_controllers/install/jeffrey_controllers/share/jeffrey_controllers/package.zsh'
[44.989s] Level 1:colcon.colcon_core.environment:create_file_with_runtime_dependencies(/home/ros2_ws/src/jeffrey_controllers/install/jeffrey_controllers/share/colcon-core/packages/jeffrey_controllers)
[44.989s] DEBUG:colcon.colcon_parallel_executor.executor.parallel:closing loop
[44.989s] DEBUG:colcon.colcon_parallel_executor.executor.parallel:loop closed
[44.989s] DEBUG:colcon.colcon_parallel_executor.executor.parallel:run_until_complete finished with '0'
[44.989s] DEBUG:colcon.colcon_core.event_reactor:joining thread
[44.998s] INFO:colcon.colcon_core.plugin_system:Skipping extension 'colcon_notification.desktop_notification.notify_send': Could not find 'notify-send'
[44.998s] INFO:colcon.colcon_core.plugin_system:Skipping extension 'colcon_notification.desktop_notification.terminal_notifier': Not used on non-Darwin systems
[44.998s] INFO:colcon.colcon_core.plugin_system:Skipping extension 'colcon_notification.desktop_notification.win32': Not used on non-Windows systems
[44.998s] INFO:colcon.colcon_notification.desktop_notification:Sending desktop notification using 'notify2'
[45.005s] DEBUG:colcon.colcon_notification.desktop_notification.notify2:Failed to initialize notify2: org.freedesktop.DBus.Error.Spawn.ExecFailed: /usr/bin/dbus-launch terminated abnormally without any error message
[45.005s] DEBUG:colcon.colcon_core.event_reactor:joined thread
[45.005s] INFO:colcon.colcon_core.shell:Creating prefix script '/home/ros2_ws/src/jeffrey_controllers/install/local_setup.ps1'
[45.006s] INFO:colcon.colcon_core.shell:Creating prefix util module '/home/ros2_ws/src/jeffrey_controllers/install/_local_setup_util_ps1.py'
[45.007s] INFO:colcon.colcon_core.shell:Creating prefix chain script '/home/ros2_ws/src/jeffrey_controllers/install/setup.ps1'
[45.012s] INFO:colcon.colcon_core.shell:Creating prefix script '/home/ros2_ws/src/jeffrey_controllers/install/local_setup.sh'
[45.013s] INFO:colcon.colcon_core.shell:Creating prefix util module '/home/ros2_ws/src/jeffrey_controllers/install/_local_setup_util_sh.py'
[45.013s] INFO:colcon.colcon_core.shell:Creating prefix chain script '/home/ros2_ws/src/jeffrey_controllers/install/setup.sh'
[45.014s] INFO:colcon.colcon_core.shell:Creating prefix script '/home/ros2_ws/src/jeffrey_controllers/install/local_setup.bash'
[45.015s] INFO:colcon.colcon_core.shell:Creating prefix chain script '/home/ros2_ws/src/jeffrey_controllers/install/setup.bash'
[45.016s] INFO:colcon.colcon_core.shell:Creating prefix script '/home/ros2_ws/src/jeffrey_controllers/install/local_setup.zsh'
[45.017s] INFO:colcon.colcon_core.shell:Creating prefix chain script '/home/ros2_ws/src/jeffrey_controllers/install/setup.zsh'
